main.c:222:6:HAL_ADC_ConvCpltCallback	24	static
main.c:242:6:filter	4	static
main.c:268:6:sinus_into_DMA	16	static
main.c:278:6:ddsFunction_AM	16	static
main.c:304:6:ddsFunction_FM	16	static
main.c:331:6:HAL_TIM_PeriodElapsedCallback	16	static
main.c:375:5:main	8	static
main.c:440:6:SystemClock_Config	88	static
main.c:484:13:MX_ADC1_Init	24	static
main.c:534:13:MX_DAC_Init	16	static
main.c:572:13:MX_I2C1_Init	8	static
main.c:606:13:MX_I2S3_Init	8	static
main.c:640:13:MX_TIM2_Init	32	static
main.c:685:13:MX_TIM3_Init	32	static
main.c:728:13:MX_DMA_Init	16	static
main.c:750:13:MX_GPIO_Init	56	static
main.c:853:6:Error_Handler	4	static,ignoring_inline_asm
